Route stats
Route count: 2.00
Route stops (max): 7.00
Route stops (min): 5.00
Route stops (avg): 6.00
Route stops (total): 12.00
Route length (max): 15.37
Route length (min): 9.53
Route length (avg): 12.45
Route length (total): 24.90
Route diameter (max): 5.10
Route diameter (min): 4.47
Route diameter (avg): 4.79
Unassigned stops: 0.00
